time=2026-04-26T01:15:02.728+07:00 level=INFO msg="Database migrations applied successfully"
time=2026-04-26T01:15:03.098+07:00 level=ERROR msg="failed to load player state" error="failed to load player state: sql: Scan error on column index 1, name \"current_track_id\": converting NULL to string is unsupported"
time=2026-04-26T01:15:35.125+07:00 level=INFO msg="Adding watched folder" module=library path=/home/oem/Desktop/Music
time=2026-04-26T01:15:35.133+07:00 level=INFO msg="Starting folder sync" module=library root=/home/oem/Desktop/Music
time=2026-04-26T01:15:35.659+07:00 level=DEBUG msg="Artwork extracted" module=library path="/home/oem/Desktop/Music/ Bao Anh, Tao - Từng Là Của Nhau.m4a" size=142805 mime=image/jpeg
time=2026-04-26T01:15:35.660+07:00 level=DEBUG msg="Artwork saved" module=library path="/home/oem/Desktop/Music/ Bao Anh, Tao - Từng Là Của Nhau.m4a" key=94377b602903393345d52a181df2a1ee4f019fd81e298303c4af04b5acd7f897.jpg
time=2026-04-26T01:15:35.743+07:00 level=ERROR msg="Failed to sync folder" module=library path=/home/oem/Desktop/Music error="failed to walk directory: failed to extract metadata from /home/oem/Desktop/Music/._ Bao Anh, Tao - Từng Là Của Nhau.m4a: failed to read tags from /home/oem/Desktop/Music/._ Bao Anh, Tao - Từng Là Của Nhau.m4a: invalid file"
time=2026-04-26T01:25:02.190+07:00 level=INFO msg="Database migrations applied successfully"
time=2026-04-26T01:25:02.203+07:00 level=ERROR msg="failed to load player state" error="failed to load player state: sql: Scan error on column index 1, name \"current_track_id\": converting NULL to string is unsupported"
time=2026-04-26T01:25:14.550+07:00 level=INFO msg="Starting folder sync" module=library root=/home/oem/Desktop/Music
time=2026-04-26T01:25:14.568+07:00 level=ERROR msg="Failed to import file" module=library path="/home/oem/Desktop/Music/._ Bao Anh, Tao - Từng Là Của Nhau.m4a" error="failed to extract metadata from /home/oem/Desktop/Music/._ Bao Anh, Tao - Từng Là Của Nhau.m4a: failed to read tags: invalid file"
time=2026-04-26T01:25:14.569+07:00 level=ERROR msg="Failed to import file" module=library path="/home/oem/Desktop/Music/._24kGoldn - Mood (feat. iann dior).m4a" error="failed to extract metadata from /home/oem/Desktop/Music/._24kGoldn - Mood (feat. iann dior).m4a: failed to read tags: invalid file"
time=2026-04-26T01:25:14.570+07:00 level=ERROR msg="Failed to import file" module=library path="/home/oem/Desktop/Music/._BOL4 - Some.m4a" error="failed to extract metadata from /home/oem/Desktop/Music/._BOL4 - Some.m4a: failed to read tags: invalid file"
time=2026-04-26T01:25:14.571+07:00 level=ERROR msg="Failed to import file" module=library path="/home/oem/Desktop/Music/._BOL4 - 좋다고 말해.m4a" error="failed to extract metadata from /home/oem/Desktop/Music/._BOL4 - 좋다고 말해.m4a: failed to read tags: invalid file"
time=2026-04-26T01:25:14.572+07:00 level=ERROR msg="Failed to import file" module=library path="/home/oem/Desktop/Music/._Bao Anh - Sống Xa Anh Chẳng Dễ Dàng.m4a" error="failed to extract metadata from /home/oem/Desktop/Music/._Bao Anh - Sống Xa Anh Chẳng Dễ Dàng.m4a: failed to read tags: invalid file"
time=2026-04-26T01:25:14.573+07:00 level=ERROR msg="Failed to import file" module=library path=/home/oem/Desktop/Music/._Bùi_Công_Nam,_Binz_I_LOVE_YOU_Always,_In_Every_Way.m4a error="failed to extract metadata from /home/oem/Desktop/Music/._Bùi_Công_Nam,_Binz_I_LOVE_YOU_Always,_In_Every_Way.m4a: failed to read tags: invalid file"
time=2026-04-26T01:25:14.574+07:00 level=ERROR msg="Failed to import file" module=library path=/home/oem/Desktop/Music/._Eric_Chou_How_Have_You_Been_Ending_Theme_Song_of_TVBS_Series.m4a error="failed to extract metadata from /home/oem/Desktop/Music/._Eric_Chou_How_Have_You_Been_Ending_Theme_Song_of_TVBS_Series.m4a: failed to read tags: invalid file"
time=2026-04-26T01:25:14.575+07:00 level=ERROR msg="Failed to import file" module=library path="/home/oem/Desktop/Music/._H-Kray - Tấm Lòng Son - Duzme Remix.m4a" error="failed to extract metadata from /home/oem/Desktop/Music/._H-Kray - Tấm Lòng Son - Duzme Remix.m4a: failed to read tags: invalid file"
time=2026-04-26T01:25:14.576+07:00 level=ERROR msg="Failed to import file" module=library path="/home/oem/Desktop/Music/._Jack - Hong Nhan (KICM - Remix).m4a" error="failed to extract metadata from /home/oem/Desktop/Music/._Jack - Hong Nhan (KICM - Remix).m4a: failed to read tags: invalid file"
time=2026-04-26T01:25:14.577+07:00 level=ERROR msg="Failed to import file" module=library path="/home/oem/Desktop/Music/._Kim Minseok - Love Language.m4a" error="failed to extract metadata from /home/oem/Desktop/Music/._Kim Minseok - Love Language.m4a: failed to read tags: invalid file"
time=2026-04-26T01:25:14.578+07:00 level=ERROR msg="Failed to import file" module=library path="/home/oem/Desktop/Music/._Low G - Simp Gái 808.m4a" error="failed to extract metadata from /home/oem/Desktop/Music/._Low G - Simp Gái 808.m4a: failed to read tags: invalid file"
time=2026-04-26T01:25:14.579+07:00 level=ERROR msg="Failed to import file" module=library path="/home/oem/Desktop/Music/._Low G, Justatee - In Love.m4a" error="failed to extract metadata from /home/oem/Desktop/Music/._Low G, Justatee - In Love.m4a: failed to read tags: invalid file"
time=2026-04-26T01:25:14.580+07:00 level=ERROR msg="Failed to import file" module=library path="/home/oem/Desktop/Music/._Masew - BẠC PHẬN.m4a" error="failed to extract metadata from /home/oem/Desktop/Music/._Masew - BẠC PHẬN.m4a: failed to read tags: invalid file"
time=2026-04-26T01:25:14.582+07:00 level=ERROR msg="Failed to import file" module=library path="/home/oem/Desktop/Music/._ROSÉ - APT..m4a" error="failed to extract metadata from /home/oem/Desktop/Music/._ROSÉ - APT..m4a: failed to read tags: invalid file"
time=2026-04-26T01:25:14.583+07:00 level=ERROR msg="Failed to import file" module=library path="/home/oem/Desktop/Music/._VƯƠNG BÌNH - Thanh Tân.m4a" error="failed to extract metadata from /home/oem/Desktop/Music/._VƯƠNG BÌNH - Thanh Tân.m4a: failed to read tags: invalid file"
time=2026-04-26T01:25:14.584+07:00 level=ERROR msg="Failed to import file" module=library path=/home/oem/Desktop/Music/._周深_小美滿_電影《熱辣滾燙》熱辣陪伴曲.m4a error="failed to extract metadata from /home/oem/Desktop/Music/._周深_小美滿_電影《熱辣滾燙》熱辣陪伴曲.m4a: failed to read tags: invalid file"
time=2026-04-26T01:25:14.585+07:00 level=ERROR msg="Failed to import file" module=library path="/home/oem/Desktop/Music/._小魂 - 关山酒.m4a" error="failed to extract metadata from /home/oem/Desktop/Music/._小魂 - 关山酒.m4a: failed to read tags: invalid file"
time=2026-04-26T01:25:14.585+07:00 level=ERROR msg="Failed to import file" module=library path="/home/oem/Desktop/Music/._尹昔眠 - 你会在.m4a" error="failed to extract metadata from /home/oem/Desktop/Music/._尹昔眠 - 你会在.m4a: failed to read tags: invalid file"
time=2026-04-26T01:25:14.586+07:00 level=ERROR msg="Failed to import file" module=library path="/home/oem/Desktop/Music/._尹昔眠 - 特殊名字.m4a" error="failed to extract metadata from /home/oem/Desktop/Music/._尹昔眠 - 特殊名字.m4a: failed to read tags: invalid file"
time=2026-04-26T01:25:14.587+07:00 level=ERROR msg="Failed to import file" module=library path="/home/oem/Desktop/Music/._张紫豪 - 可不可以 (抖音热歌).m4a" error="failed to extract metadata from /home/oem/Desktop/Music/._张紫豪 - 可不可以 (抖音热歌).m4a: failed to read tags: invalid file"
time=2026-04-26T01:25:14.588+07:00 level=ERROR msg="Failed to import file" module=library path="/home/oem/Desktop/Music/._徐俊雅 - 爱你 (美好爱情).m4a" error="failed to extract metadata from /home/oem/Desktop/Music/._徐俊雅 - 爱你 (美好爱情).m4a: failed to read tags: invalid file"
time=2026-04-26T01:25:14.594+07:00 level=DEBUG msg="No artwork found in file" module=library path="/home/oem/Desktop/Music/._旺仔小乔 - 爱你 (女版).mp3"
time=2026-04-26T01:25:14.619+07:00 level=ERROR msg="Failed to import file" module=library path=/home/oem/Desktop/Music/._王宇宙Leto_若月亮没来（若是月亮还没来）.m4a error="failed to extract metadata from /home/oem/Desktop/Music/._王宇宙Leto_若月亮没来（若是月亮还没来）.m4a: failed to read tags: invalid file"
time=2026-04-26T01:25:14.625+07:00 level=ERROR msg="Failed to import file" module=library path="/home/oem/Desktop/Music/._等什么君 - 辞九门回忆.m4a" error="failed to extract metadata from /home/oem/Desktop/Music/._等什么君 - 辞九门回忆.m4a: failed to read tags: invalid file"
time=2026-04-26T01:25:14.630+07:00 level=ERROR msg="Failed to import file" module=library path=/home/oem/Desktop/Music/._邓寓君（等什么君）,_鄧寓君等什麼君_鸳鸯戏.m4a error="failed to extract metadata from /home/oem/Desktop/Music/._邓寓君（等什么君）,_鄧寓君等什麼君_鸳鸯戏.m4a: failed to read tags: invalid file"
time=2026-04-26T01:25:14.632+07:00 level=ERROR msg="Failed to import file" module=library path="/home/oem/Desktop/Music/._郑聆歌9K - 翻篇.m4a" error="failed to extract metadata from /home/oem/Desktop/Music/._郑聆歌9K - 翻篇.m4a: failed to read tags: invalid file"
time=2026-04-26T01:25:14.637+07:00 level=DEBUG msg="No artwork found in file" module=library path="/home/oem/Desktop/Music/._陈小满 - 何必.mp3"
time=2026-04-26T01:25:14.672+07:00 level=ERROR msg="Failed to import file" module=library path="/home/oem/Desktop/Music/._陈小满 - 十八遇你八十与你.m4a" error="failed to extract metadata from /home/oem/Desktop/Music/._陈小满 - 十八遇你八十与你.m4a: failed to read tags: invalid file"
time=2026-04-26T01:25:14.674+07:00 level=ERROR msg="Failed to import file" module=library path="/home/oem/Desktop/Music/._陈小满 - 句末.m4a" error="failed to extract metadata from /home/oem/Desktop/Music/._陈小满 - 句末.m4a: failed to read tags: invalid file"
time=2026-04-26T01:25:14.677+07:00 level=ERROR msg="Failed to import file" module=library path="/home/oem/Desktop/Music/._陈小满 - 只字不提爱.m4a" error="failed to extract metadata from /home/oem/Desktop/Music/._陈小满 - 只字不提爱.m4a: failed to read tags: invalid file"
time=2026-04-26T01:25:14.679+07:00 level=ERROR msg="Failed to import file" module=library path="/home/oem/Desktop/Music/._陈小满 - 星辰倒映.m4a" error="failed to extract metadata from /home/oem/Desktop/Music/._陈小满 - 星辰倒映.m4a: failed to read tags: invalid file"
time=2026-04-26T01:25:14.681+07:00 level=ERROR msg="Failed to import file" module=library path="/home/oem/Desktop/Music/._陈小满 - 曼陀罗华.m4a" error="failed to extract metadata from /home/oem/Desktop/Music/._陈小满 - 曼陀罗华.m4a: failed to read tags: invalid file"
time=2026-04-26T01:25:14.682+07:00 level=ERROR msg="Failed to import file" module=library path="/home/oem/Desktop/Music/._陈小满 - 有你的冬天 (我期待的不是雪).m4a" error="failed to extract metadata from /home/oem/Desktop/Music/._陈小满 - 有你的冬天 (我期待的不是雪).m4a: failed to read tags: invalid file"
time=2026-04-26T01:25:14.683+07:00 level=ERROR msg="Failed to import file" module=library path="/home/oem/Desktop/Music/._가호 (Gaho) - 시작.m4a" error="failed to extract metadata from /home/oem/Desktop/Music/._가호 (Gaho) - 시작.m4a: failed to read tags: invalid file"
time=2026-04-26T01:25:14.697+07:00 level=DEBUG msg="Artwork extracted" module=library path="/home/oem/Desktop/Music/24kGoldn - Mood (feat. iann dior).m4a" size=136287 mime=image/
time=2026-04-26T01:25:14.698+07:00 level=DEBUG msg="Artwork saved" module=library path="/home/oem/Desktop/Music/24kGoldn - Mood (feat. iann dior).m4a" key=721c60afcdf793a2eecdc9c7009d07b361101ce06d573881d4e8746be383ad55.jpg
time=2026-04-26T01:25:14.829+07:00 level=DEBUG msg="Artwork extracted" module=library path="/home/oem/Desktop/Music/BOL4 - Some.m4a" size=74299 mime=image/
time=2026-04-26T01:25:14.830+07:00 level=DEBUG msg="Artwork saved" module=library path="/home/oem/Desktop/Music/BOL4 - Some.m4a" key=71d02c11732668daf42ad0b3bce9f768e7490397127c3bd00f5ad928a0520f11.jpg
time=2026-04-26T01:25:14.928+07:00 level=DEBUG msg="Artwork extracted" module=library path="/home/oem/Desktop/Music/BOL4 - 좋다고 말해.m4a" size=203813 mime=image/jpeg
time=2026-04-26T01:25:14.929+07:00 level=DEBUG msg="Artwork saved" module=library path="/home/oem/Desktop/Music/BOL4 - 좋다고 말해.m4a" key=a150705a306d8569638a719532d646666ce67a529bf05b2e7b09b4369430a376.jpg
time=2026-04-26T01:25:15.002+07:00 level=DEBUG msg="Artwork extracted" module=library path="/home/oem/Desktop/Music/Bao Anh - Sống Xa Anh Chẳng Dễ Dàng.m4a" size=203724 mime=image/jpeg
time=2026-04-26T01:25:15.003+07:00 level=DEBUG msg="Artwork saved" module=library path="/home/oem/Desktop/Music/Bao Anh - Sống Xa Anh Chẳng Dễ Dàng.m4a" key=97bebfb7933735063dba2908b5e9c8263f39ad8041efecf06d974372d9459e56.jpg
time=2026-04-26T01:25:15.089+07:00 level=DEBUG msg="Artwork extracted" module=library path=/home/oem/Desktop/Music/Bùi_Công_Nam,_Binz_I_LOVE_YOU_Always,_In_Every_Way.m4a size=296625 mime=image/jpeg
time=2026-04-26T01:25:15.091+07:00 level=DEBUG msg="Artwork saved" module=library path=/home/oem/Desktop/Music/Bùi_Công_Nam,_Binz_I_LOVE_YOU_Always,_In_Every_Way.m4a key=5215891a05c098acc5d419be1a0b583db965fce6aafa27ae581ca024f6920fda.jpg
time=2026-04-26T01:25:15.180+07:00 level=DEBUG msg="Artwork extracted" module=library path=/home/oem/Desktop/Music/Eric_Chou_How_Have_You_Been_Ending_Theme_Song_of_TVBS_Series.m4a size=89312 mime=image/
time=2026-04-26T01:25:15.180+07:00 level=DEBUG msg="Artwork saved" module=library path=/home/oem/Desktop/Music/Eric_Chou_How_Have_You_Been_Ending_Theme_Song_of_TVBS_Series.m4a key=f83c2d6f7d3b47e1a7035a742f145e81511d11282e4d5981b7f7af480c62c2a3.jpg
time=2026-04-26T01:25:15.279+07:00 level=DEBUG msg="Artwork extracted" module=library path="/home/oem/Desktop/Music/H-Kray - Tấm Lòng Son - Duzme Remix.m4a" size=225330 mime=image/jpeg
time=2026-04-26T01:25:15.280+07:00 level=DEBUG msg="Artwork saved" module=library path="/home/oem/Desktop/Music/H-Kray - Tấm Lòng Son - Duzme Remix.m4a" key=3983a62dc1e18885acb64469a57da857749fe3aac1501a59a6a34f5258be47fd.jpg
time=2026-04-26T01:25:15.353+07:00 level=DEBUG msg="Artwork extracted" module=library path="/home/oem/Desktop/Music/Jack - Hong Nhan (KICM - Remix).m4a" size=114072 mime=image/jpeg
time=2026-04-26T01:25:15.354+07:00 level=DEBUG msg="Artwork saved" module=library path="/home/oem/Desktop/Music/Jack - Hong Nhan (KICM - Remix).m4a" key=9366d78f66997fe8ae486d04aa6aae345a67b1b1dc42f304b149a2c6f58db310.jpg
time=2026-04-26T01:25:15.429+07:00 level=DEBUG msg="Artwork extracted" module=library path="/home/oem/Desktop/Music/Kim Minseok - Love Language.m4a" size=409106 mime=image/jpeg
time=2026-04-26T01:25:15.431+07:00 level=DEBUG msg="Artwork saved" module=library path="/home/oem/Desktop/Music/Kim Minseok - Love Language.m4a" key=68f62ffa63fb5873f0c9bff0bf3553bc66033d706335b394f8c60940d08eb962.jpg
time=2026-04-26T01:25:15.546+07:00 level=DEBUG msg="Artwork extracted" module=library path="/home/oem/Desktop/Music/Low G - Simp Gái 808.m4a" size=169790 mime=image/jpeg
time=2026-04-26T01:25:15.547+07:00 level=DEBUG msg="Artwork saved" module=library path="/home/oem/Desktop/Music/Low G - Simp Gái 808.m4a" key=8f8f68a518642e15c72b3fc5d4aa298d376a661954b00d44e55e04d069de2e7c.jpg
time=2026-04-26T01:25:15.624+07:00 level=DEBUG msg="Artwork extracted" module=library path="/home/oem/Desktop/Music/Low G, Justatee - In Love.m4a" size=394403 mime=image/jpeg
time=2026-04-26T01:25:15.626+07:00 level=DEBUG msg="Artwork saved" module=library path="/home/oem/Desktop/Music/Low G, Justatee - In Love.m4a" key=bca8423dd921d01823fdf1a46c8aae58dff1f094894fb180f16308c32e222e27.jpg
time=2026-04-26T01:25:15.728+07:00 level=DEBUG msg="Artwork extracted" module=library path="/home/oem/Desktop/Music/Masew - BẠC PHẬN.m4a" size=122004 mime=image/jpeg
time=2026-04-26T01:25:15.729+07:00 level=DEBUG msg="Artwork saved" module=library path="/home/oem/Desktop/Music/Masew - BẠC PHẬN.m4a" key=5dbc3517e90fa50f8ae5333e4fed85cdd73c5ff2ad3d2767a307c0ca3b54ab5f.jpg
time=2026-04-26T01:25:15.821+07:00 level=DEBUG msg="Artwork extracted" module=library path="/home/oem/Desktop/Music/ROSÉ - APT..m4a" size=325441 mime=image/jpeg
time=2026-04-26T01:25:15.823+07:00 level=DEBUG msg="Artwork saved" module=library path="/home/oem/Desktop/Music/ROSÉ - APT..m4a" key=c17549befc5fd24c5c55d43c562c103f1d8958740ffc6373bfa22cf7e7b56303.jpg
time=2026-04-26T01:25:15.899+07:00 level=DEBUG msg="Artwork extracted" module=library path="/home/oem/Desktop/Music/VƯƠNG BÌNH - Thanh Tân.m4a" size=440181 mime=image/jpeg
time=2026-04-26T01:25:15.901+07:00 level=DEBUG msg="Artwork saved" module=library path="/home/oem/Desktop/Music/VƯƠNG BÌNH - Thanh Tân.m4a" key=5b790f67b4380ccb6af1dd57a08b30f71491af9b1fabf7f501754d9b38303555.jpg
time=2026-04-26T01:25:16.004+07:00 level=DEBUG msg="Artwork extracted" module=library path=/home/oem/Desktop/Music/周深_小美滿_電影《熱辣滾燙》熱辣陪伴曲.m4a size=157561 mime=image/
time=2026-04-26T01:25:16.004+07:00 level=DEBUG msg="Artwork saved" module=library path=/home/oem/Desktop/Music/周深_小美滿_電影《熱辣滾燙》熱辣陪伴曲.m4a key=e2afa65dfc821bf474a17e5407d7a94c0ab284d2f5ab1be92625ca0e29544d39.jpg
time=2026-04-26T01:25:16.103+07:00 level=DEBUG msg="Artwork extracted" module=library path="/home/oem/Desktop/Music/小魂 - 关山酒.m4a" size=307114 mime=image/jpeg
time=2026-04-26T01:25:16.105+07:00 level=DEBUG msg="Artwork saved" module=library path="/home/oem/Desktop/Music/小魂 - 关山酒.m4a" key=c05b83d465fe96f86306d4f68309567f0f9642c9f05e0443ec78852245667eb0.jpg
time=2026-04-26T01:25:16.194+07:00 level=DEBUG msg="Artwork extracted" module=library path="/home/oem/Desktop/Music/尹昔眠 - 你会在.m4a" size=291950 mime=image/jpeg
time=2026-04-26T01:25:16.195+07:00 level=DEBUG msg="Artwork saved" module=library path="/home/oem/Desktop/Music/尹昔眠 - 你会在.m4a" key=84c43924cca50de8c38b0e4e81404aa2bae699e306a235bc66bd822822815917.jpg
time=2026-04-26T01:25:16.272+07:00 level=DEBUG msg="Artwork extracted" module=library path="/home/oem/Desktop/Music/尹昔眠 - 特殊名字.m4a" size=94812 mime=image/jpeg
time=2026-04-26T01:25:16.272+07:00 level=DEBUG msg="Artwork saved" module=library path="/home/oem/Desktop/Music/尹昔眠 - 特殊名字.m4a" key=290c2c4e9bcfcbaa86fc1ad90ee41af5640ae685ed00b2c2c9aef6836d23b503.jpg
time=2026-04-26T01:25:16.352+07:00 level=DEBUG msg="Artwork extracted" module=library path="/home/oem/Desktop/Music/张紫豪 - 可不可以 (抖音热歌).m4a" size=86058 mime=image/
time=2026-04-26T01:25:16.353+07:00 level=DEBUG msg="Artwork saved" module=library path="/home/oem/Desktop/Music/张紫豪 - 可不可以 (抖音热歌).m4a" key=74e8806b418fd4861b0b147813eeda742056b9bbbe4c1f1799efcfb30bb2618c.jpg
time=2026-04-26T01:25:16.445+07:00 level=DEBUG msg="Artwork extracted" module=library path="/home/oem/Desktop/Music/徐俊雅 - 爱你 (美好爱情).m4a" size=334236 mime=image/jpeg
time=2026-04-26T01:25:16.446+07:00 level=DEBUG msg="Artwork saved" module=library path="/home/oem/Desktop/Music/徐俊雅 - 爱你 (美好爱情).m4a" key=a93942e66986febd7185ee182f1e7f0ff667cdc7430d5dd2ed850f08f3458b43.jpg
time=2026-04-26T01:25:16.530+07:00 level=DEBUG msg="Artwork extracted" module=library path="/home/oem/Desktop/Music/旺仔小乔 - 爱你 (女版).mp3" size=184457 mime=image/jpeg
time=2026-04-26T01:25:16.531+07:00 level=DEBUG msg="Artwork saved" module=library path="/home/oem/Desktop/Music/旺仔小乔 - 爱你 (女版).mp3" key=79c81407fb042f664b143595da9c8f36b7a2af683bbedd8c70935b878e947706.jpg
time=2026-04-26T01:25:16.609+07:00 level=DEBUG msg="Artwork extracted" module=library path=/home/oem/Desktop/Music/王宇宙Leto_若月亮没来（若是月亮还没来）.m4a size=168476 mime=image/
time=2026-04-26T01:25:16.610+07:00 level=DEBUG msg="Artwork saved" module=library path=/home/oem/Desktop/Music/王宇宙Leto_若月亮没来（若是月亮还没来）.m4a key=c4071fc55e9d592b844ca85aca454942c053fd22241d9725cad631e8d482e8e5.jpg
time=2026-04-26T01:25:16.718+07:00 level=DEBUG msg="Artwork extracted" module=library path="/home/oem/Desktop/Music/等什么君 - 辞九门回忆.m4a" size=158304 mime=image/jpeg
time=2026-04-26T01:25:16.720+07:00 level=DEBUG msg="Artwork saved" module=library path="/home/oem/Desktop/Music/等什么君 - 辞九门回忆.m4a" key=392403ba48e3ad7eaf4f4a11e6ee62a8625d85b4c1e72489d1b6013115035fc3.jpg
time=2026-04-26T01:25:16.815+07:00 level=DEBUG msg="Artwork extracted" module=library path=/home/oem/Desktop/Music/邓寓君（等什么君）,_鄧寓君等什麼君_鸳鸯戏.m4a size=188951 mime=image/jpeg
time=2026-04-26T01:25:16.816+07:00 level=DEBUG msg="Artwork saved" module=library path=/home/oem/Desktop/Music/邓寓君（等什么君）,_鄧寓君等什麼君_鸳鸯戏.m4a key=798cb2de9aba60c969b126d0873f95b0e64ca7741f3daf9b459f92fcf50bae08.jpg
time=2026-04-26T01:25:16.919+07:00 level=DEBUG msg="Artwork extracted" module=library path="/home/oem/Desktop/Music/郑聆歌9K - 翻篇.m4a" size=316445 mime=image/jpeg
time=2026-04-26T01:25:16.920+07:00 level=DEBUG msg="Artwork saved" module=library path="/home/oem/Desktop/Music/郑聆歌9K - 翻篇.m4a" key=e100b7718447f6aed5daa8be7e85c688ad437d05b58f4ae5f4691df91878420f.jpg
time=2026-04-26T01:25:17.004+07:00 level=DEBUG msg="Artwork extracted" module=library path="/home/oem/Desktop/Music/陈小满 - 何必.mp3" size=54118 mime=image/jpeg
time=2026-04-26T01:25:17.004+07:00 level=DEBUG msg="Artwork saved" module=library path="/home/oem/Desktop/Music/陈小满 - 何必.mp3" key=dfd3ca287992aa0b02cc7eea46f26f94d66ab8af57ca9a7135c14b4cae347f16.jpg
time=2026-04-26T01:25:17.082+07:00 level=DEBUG msg="Artwork extracted" module=library path="/home/oem/Desktop/Music/陈小满 - 十八遇你八十与你.m4a" size=151679 mime=image/jpeg
time=2026-04-26T01:25:17.083+07:00 level=DEBUG msg="Artwork saved" module=library path="/home/oem/Desktop/Music/陈小满 - 十八遇你八十与你.m4a" key=1ffbd9324ca05f3edfd051989a4e246664b09ecb76a555d404c7406491c36b95.jpg
time=2026-04-26T01:25:17.181+07:00 level=DEBUG msg="Artwork extracted" module=library path="/home/oem/Desktop/Music/陈小满 - 句末.m4a" size=344197 mime=image/jpeg
time=2026-04-26T01:25:17.183+07:00 level=DEBUG msg="Artwork saved" module=library path="/home/oem/Desktop/Music/陈小满 - 句末.m4a" key=1210f9d5083fcbda47bc9f96fa5c87c91f89bd069e1a69e96ba19f5fafd6e2bc.jpg
time=2026-04-26T01:25:17.277+07:00 level=DEBUG msg="Artwork extracted" module=library path="/home/oem/Desktop/Music/陈小满 - 只字不提爱.m4a" size=140359 mime=image/jpeg
time=2026-04-26T01:25:17.277+07:00 level=DEBUG msg="Artwork saved" module=library path="/home/oem/Desktop/Music/陈小满 - 只字不提爱.m4a" key=82f416aad336608af7bf1eaa0be2d189f726c85ebb2bb645be4316eb544e3beb.jpg
time=2026-04-26T01:25:17.368+07:00 level=DEBUG msg="Artwork extracted" module=library path="/home/oem/Desktop/Music/陈小满 - 星辰倒映.m4a" size=215408 mime=image/jpeg
time=2026-04-26T01:25:17.369+07:00 level=DEBUG msg="Artwork saved" module=library path="/home/oem/Desktop/Music/陈小满 - 星辰倒映.m4a" key=32a1b29867c2ff8243598b9e8d97c86de14a88f693a6a061298ef7bcfeb33834.jpg
time=2026-04-26T01:25:17.468+07:00 level=DEBUG msg="Artwork extracted" module=library path="/home/oem/Desktop/Music/陈小满 - 曼陀罗华.m4a" size=444034 mime=image/jpeg
time=2026-04-26T01:25:17.470+07:00 level=DEBUG msg="Artwork saved" module=library path="/home/oem/Desktop/Music/陈小满 - 曼陀罗华.m4a" key=6a9259fb86df4b874266886f2115bd737be91a733b84f42a56e28440bc508c70.jpg
time=2026-04-26T01:25:17.558+07:00 level=DEBUG msg="Artwork extracted" module=library path="/home/oem/Desktop/Music/陈小满 - 有你的冬天 (我期待的不是雪).m4a" size=215600 mime=image/jpeg
time=2026-04-26T01:25:17.559+07:00 level=DEBUG msg="Artwork saved" module=library path="/home/oem/Desktop/Music/陈小满 - 有你的冬天 (我期待的不是雪).m4a" key=bdf26a36dfec1efc201c9e9ab747c4197395f9a8f9551ebb2e27904147b34822.jpg
time=2026-04-26T01:25:17.662+07:00 level=DEBUG msg="Artwork extracted" module=library path="/home/oem/Desktop/Music/가호 (Gaho) - 시작.m4a" size=337198 mime=image/
time=2026-04-26T01:25:17.664+07:00 level=DEBUG msg="Artwork saved" module=library path="/home/oem/Desktop/Music/가호 (Gaho) - 시작.m4a" key=dcc94c82039720c2f25247bd61334b2d82bcf9eb71582dcfa75bb22aac606e49.jpg
time=2026-04-26T01:25:17.765+07:00 level=INFO msg="Finished folder sync" module=library root=/home/oem/Desktop/Music
time=2026-04-26T01:25:43.312+07:00 level=INFO msg="Starting folder sync" module=library root=/home/oem/Desktop/Music
time=2026-04-26T01:25:43.318+07:00 level=ERROR msg="Failed to import file" module=library path="/home/oem/Desktop/Music/._ Bao Anh, Tao - Từng Là Của Nhau.m4a" error="failed to extract metadata from /home/oem/Desktop/Music/._ Bao Anh, Tao - Từng Là Của Nhau.m4a: failed to read tags: invalid file"
time=2026-04-26T01:25:43.319+07:00 level=ERROR msg="Failed to import file" module=library path="/home/oem/Desktop/Music/._24kGoldn - Mood (feat. iann dior).m4a" error="failed to extract metadata from /home/oem/Desktop/Music/._24kGoldn - Mood (feat. iann dior).m4a: failed to read tags: invalid file"
time=2026-04-26T01:25:43.321+07:00 level=ERROR msg="Failed to import file" module=library path="/home/oem/Desktop/Music/._BOL4 - Some.m4a" error="failed to extract metadata from /home/oem/Desktop/Music/._BOL4 - Some.m4a: failed to read tags: invalid file"
time=2026-04-26T01:25:43.322+07:00 level=ERROR msg="Failed to import file" module=library path="/home/oem/Desktop/Music/._BOL4 - 좋다고 말해.m4a" error="failed to extract metadata from /home/oem/Desktop/Music/._BOL4 - 좋다고 말해.m4a: failed to read tags: invalid file"
time=2026-04-26T01:25:43.323+07:00 level=ERROR msg="Failed to import file" module=library path="/home/oem/Desktop/Music/._Bao Anh - Sống Xa Anh Chẳng Dễ Dàng.m4a" error="failed to extract metadata from /home/oem/Desktop/Music/._Bao Anh - Sống Xa Anh Chẳng Dễ Dàng.m4a: failed to read tags: invalid file"
time=2026-04-26T01:25:43.324+07:00 level=ERROR msg="Failed to import file" module=library path=/home/oem/Desktop/Music/._Bùi_Công_Nam,_Binz_I_LOVE_YOU_Always,_In_Every_Way.m4a error="failed to extract metadata from /home/oem/Desktop/Music/._Bùi_Công_Nam,_Binz_I_LOVE_YOU_Always,_In_Every_Way.m4a: failed to read tags: invalid file"
time=2026-04-26T01:25:43.326+07:00 level=ERROR msg="Failed to import file" module=library path=/home/oem/Desktop/Music/._Eric_Chou_How_Have_You_Been_Ending_Theme_Song_of_TVBS_Series.m4a error="failed to extract metadata from /home/oem/Desktop/Music/._Eric_Chou_How_Have_You_Been_Ending_Theme_Song_of_TVBS_Series.m4a: failed to read tags: invalid file"
time=2026-04-26T01:25:43.329+07:00 level=ERROR msg="Failed to import file" module=library path="/home/oem/Desktop/Music/._H-Kray - Tấm Lòng Son - Duzme Remix.m4a" error="failed to extract metadata from /home/oem/Desktop/Music/._H-Kray - Tấm Lòng Son - Duzme Remix.m4a: failed to read tags: invalid file"
time=2026-04-26T01:25:43.330+07:00 level=ERROR msg="Failed to import file" module=library path="/home/oem/Desktop/Music/._Jack - Hong Nhan (KICM - Remix).m4a" error="failed to extract metadata from /home/oem/Desktop/Music/._Jack - Hong Nhan (KICM - Remix).m4a: failed to read tags: invalid file"
time=2026-04-26T01:25:43.331+07:00 level=ERROR msg="Failed to import file" module=library path="/home/oem/Desktop/Music/._Kim Minseok - Love Language.m4a" error="failed to extract metadata from /home/oem/Desktop/Music/._Kim Minseok - Love Language.m4a: failed to read tags: invalid file"
time=2026-04-26T01:25:43.332+07:00 level=ERROR msg="Failed to import file" module=library path="/home/oem/Desktop/Music/._Low G - Simp Gái 808.m4a" error="failed to extract metadata from /home/oem/Desktop/Music/._Low G - Simp Gái 808.m4a: failed to read tags: invalid file"
time=2026-04-26T01:25:43.333+07:00 level=ERROR msg="Failed to import file" module=library path="/home/oem/Desktop/Music/._Low G, Justatee - In Love.m4a" error="failed to extract metadata from /home/oem/Desktop/Music/._Low G, Justatee - In Love.m4a: failed to read tags: invalid file"
time=2026-04-26T01:25:43.334+07:00 level=ERROR msg="Failed to import file" module=library path="/home/oem/Desktop/Music/._Masew - BẠC PHẬN.m4a" error="failed to extract metadata from /home/oem/Desktop/Music/._Masew - BẠC PHẬN.m4a: failed to read tags: invalid file"
time=2026-04-26T01:25:43.336+07:00 level=ERROR msg="Failed to import file" module=library path="/home/oem/Desktop/Music/._ROSÉ - APT..m4a" error="failed to extract metadata from /home/oem/Desktop/Music/._ROSÉ - APT..m4a: failed to read tags: invalid file"
time=2026-04-26T01:25:43.338+07:00 level=ERROR msg="Failed to import file" module=library path="/home/oem/Desktop/Music/._VƯƠNG BÌNH - Thanh Tân.m4a" error="failed to extract metadata from /home/oem/Desktop/Music/._VƯƠNG BÌNH - Thanh Tân.m4a: failed to read tags: invalid file"
time=2026-04-26T01:25:43.342+07:00 level=ERROR msg="Failed to import file" module=library path=/home/oem/Desktop/Music/._周深_小美滿_電影《熱辣滾燙》熱辣陪伴曲.m4a error="failed to extract metadata from /home/oem/Desktop/Music/._周深_小美滿_電影《熱辣滾燙》熱辣陪伴曲.m4a: failed to read tags: invalid file"
time=2026-04-26T01:25:43.343+07:00 level=ERROR msg="Failed to import file" module=library path="/home/oem/Desktop/Music/._小魂 - 关山酒.m4a" error="failed to extract metadata from /home/oem/Desktop/Music/._小魂 - 关山酒.m4a: failed to read tags: invalid file"
time=2026-04-26T01:25:43.344+07:00 level=ERROR msg="Failed to import file" module=library path="/home/oem/Desktop/Music/._尹昔眠 - 你会在.m4a" error="failed to extract metadata from /home/oem/Desktop/Music/._尹昔眠 - 你会在.m4a: failed to read tags: invalid file"
time=2026-04-26T01:25:43.345+07:00 level=ERROR msg="Failed to import file" module=library path="/home/oem/Desktop/Music/._尹昔眠 - 特殊名字.m4a" error="failed to extract metadata from /home/oem/Desktop/Music/._尹昔眠 - 特殊名字.m4a: failed to read tags: invalid file"
time=2026-04-26T01:25:43.345+07:00 level=ERROR msg="Failed to import file" module=library path="/home/oem/Desktop/Music/._张紫豪 - 可不可以 (抖音热歌).m4a" error="failed to extract metadata from /home/oem/Desktop/Music/._张紫豪 - 可不可以 (抖音热歌).m4a: failed to read tags: invalid file"
time=2026-04-26T01:25:43.351+07:00 level=ERROR msg="Failed to import file" module=library path="/home/oem/Desktop/Music/._徐俊雅 - 爱你 (美好爱情).m4a" error="failed to extract metadata from /home/oem/Desktop/Music/._徐俊雅 - 爱你 (美好爱情).m4a: failed to read tags: invalid file"
time=2026-04-26T01:25:43.353+07:00 level=ERROR msg="Failed to import file" module=library path=/home/oem/Desktop/Music/._王宇宙Leto_若月亮没来（若是月亮还没来）.m4a error="failed to extract metadata from /home/oem/Desktop/Music/._王宇宙Leto_若月亮没来（若是月亮还没来）.m4a: failed to read tags: invalid file"
time=2026-04-26T01:25:43.356+07:00 level=ERROR msg="Failed to import file" module=library path="/home/oem/Desktop/Music/._等什么君 - 辞九门回忆.m4a" error="failed to extract metadata from /home/oem/Desktop/Music/._等什么君 - 辞九门回忆.m4a: failed to read tags: invalid file"
time=2026-04-26T01:25:43.357+07:00 level=ERROR msg="Failed to import file" module=library path=/home/oem/Desktop/Music/._邓寓君（等什么君）,_鄧寓君等什麼君_鸳鸯戏.m4a error="failed to extract metadata from /home/oem/Desktop/Music/._邓寓君（等什么君）,_鄧寓君等什麼君_鸳鸯戏.m4a: failed to read tags: invalid file"
time=2026-04-26T01:25:43.358+07:00 level=ERROR msg="Failed to import file" module=library path="/home/oem/Desktop/Music/._郑聆歌9K - 翻篇.m4a" error="failed to extract metadata from /home/oem/Desktop/Music/._郑聆歌9K - 翻篇.m4a: failed to read tags: invalid file"
time=2026-04-26T01:25:43.362+07:00 level=ERROR msg="Failed to import file" module=library path="/home/oem/Desktop/Music/._陈小满 - 十八遇你八十与你.m4a" error="failed to extract metadata from /home/oem/Desktop/Music/._陈小满 - 十八遇你八十与你.m4a: failed to read tags: invalid file"
time=2026-04-26T01:25:43.363+07:00 level=ERROR msg="Failed to import file" module=library path="/home/oem/Desktop/Music/._陈小满 - 句末.m4a" error="failed to extract metadata from /home/oem/Desktop/Music/._陈小满 - 句末.m4a: failed to read tags: invalid file"
time=2026-04-26T01:25:43.365+07:00 level=ERROR msg="Failed to import file" module=library path="/home/oem/Desktop/Music/._陈小满 - 只字不提爱.m4a" error="failed to extract metadata from /home/oem/Desktop/Music/._陈小满 - 只字不提爱.m4a: failed to read tags: invalid file"
time=2026-04-26T01:25:43.367+07:00 level=ERROR msg="Failed to import file" module=library path="/home/oem/Desktop/Music/._陈小满 - 星辰倒映.m4a" error="failed to extract metadata from /home/oem/Desktop/Music/._陈小满 - 星辰倒映.m4a: failed to read tags: invalid file"
time=2026-04-26T01:25:43.370+07:00 level=ERROR msg="Failed to import file" module=library path="/home/oem/Desktop/Music/._陈小满 - 曼陀罗华.m4a" error="failed to extract metadata from /home/oem/Desktop/Music/._陈小满 - 曼陀罗华.m4a: failed to read tags: invalid file"
time=2026-04-26T01:25:43.372+07:00 level=ERROR msg="Failed to import file" module=library path="/home/oem/Desktop/Music/._陈小满 - 有你的冬天 (我期待的不是雪).m4a" error="failed to extract metadata from /home/oem/Desktop/Music/._陈小满 - 有你的冬天 (我期待的不是雪).m4a: failed to read tags: invalid file"
time=2026-04-26T01:25:43.373+07:00 level=ERROR msg="Failed to import file" module=library path="/home/oem/Desktop/Music/._가호 (Gaho) - 시작.m4a" error="failed to extract metadata from /home/oem/Desktop/Music/._가호 (Gaho) - 시작.m4a: failed to read tags: invalid file"
time=2026-04-26T01:25:43.397+07:00 level=INFO msg="Finished folder sync" module=library root=/home/oem/Desktop/Music
time=2026-04-26T01:25:50.612+07:00 level=INFO msg="opening app data folder" path=/home/oem/.local/share/airmedy
time=2026-04-26T01:26:07.466+07:00 level=INFO msg="Database migrations applied successfully"
time=2026-04-26T01:26:07.825+07:00 level=ERROR msg="failed to load player state" error="failed to load player state: sql: Scan error on column index 1, name \"current_track_id\": converting NULL to string is unsupported"
time=2026-04-26T01:26:42.322+07:00 level=INFO msg="Adding watched folder" module=library path=/home/oem/Desktop/Music
time=2026-04-26T01:26:42.333+07:00 level=INFO msg="Starting folder sync" module=library root=/home/oem/Desktop/Music
time=2026-04-26T01:26:42.363+07:00 level=DEBUG msg="Artwork extracted" module=library path="/home/oem/Desktop/Music/ Bao Anh, Tao - Từng Là Của Nhau.m4a" size=142805 mime=image/jpeg
time=2026-04-26T01:26:42.364+07:00 level=DEBUG msg="Artwork saved" module=library path="/home/oem/Desktop/Music/ Bao Anh, Tao - Từng Là Của Nhau.m4a" key=94377b602903393345d52a181df2a1ee4f019fd81e298303c4af04b5acd7f897.jpg
time=2026-04-26T01:26:42.444+07:00 level=ERROR msg="Failed to import file" module=library path="/home/oem/Desktop/Music/._ Bao Anh, Tao - Từng Là Của Nhau.m4a" error="failed to extract metadata from /home/oem/Desktop/Music/._ Bao Anh, Tao - Từng Là Của Nhau.m4a: failed to read tags: invalid file"
time=2026-04-26T01:26:42.446+07:00 level=ERROR msg="Failed to import file" module=library path="/home/oem/Desktop/Music/._24kGoldn - Mood (feat. iann dior).m4a" error="failed to extract metadata from /home/oem/Desktop/Music/._24kGoldn - Mood (feat. iann dior).m4a: failed to read tags: invalid file"
time=2026-04-26T01:26:42.447+07:00 level=ERROR msg="Failed to import file" module=library path="/home/oem/Desktop/Music/._BOL4 - Some.m4a" error="failed to extract metadata from /home/oem/Desktop/Music/._BOL4 - Some.m4a: failed to read tags: invalid file"
time=2026-04-26T01:26:42.448+07:00 level=ERROR msg="Failed to import file" module=library path="/home/oem/Desktop/Music/._BOL4 - 좋다고 말해.m4a" error="failed to extract metadata from /home/oem/Desktop/Music/._BOL4 - 좋다고 말해.m4a: failed to read tags: invalid file"
time=2026-04-26T01:26:42.449+07:00 level=ERROR msg="Failed to import file" module=library path="/home/oem/Desktop/Music/._Bao Anh - Sống Xa Anh Chẳng Dễ Dàng.m4a" error="failed to extract metadata from /home/oem/Desktop/Music/._Bao Anh - Sống Xa Anh Chẳng Dễ Dàng.m4a: failed to read tags: invalid file"
time=2026-04-26T01:26:42.450+07:00 level=ERROR msg="Failed to import file" module=library path=/home/oem/Desktop/Music/._Bùi_Công_Nam,_Binz_I_LOVE_YOU_Always,_In_Every_Way.m4a error="failed to extract metadata from /home/oem/Desktop/Music/._Bùi_Công_Nam,_Binz_I_LOVE_YOU_Always,_In_Every_Way.m4a: failed to read tags: invalid file"
time=2026-04-26T01:26:42.451+07:00 level=ERROR msg="Failed to import file" module=library path=/home/oem/Desktop/Music/._Eric_Chou_How_Have_You_Been_Ending_Theme_Song_of_TVBS_Series.m4a error="failed to extract metadata from /home/oem/Desktop/Music/._Eric_Chou_How_Have_You_Been_Ending_Theme_Song_of_TVBS_Series.m4a: failed to read tags: invalid file"
time=2026-04-26T01:26:42.453+07:00 level=ERROR msg="Failed to import file" module=library path="/home/oem/Desktop/Music/._H-Kray - Tấm Lòng Son - Duzme Remix.m4a" error="failed to extract metadata from /home/oem/Desktop/Music/._H-Kray - Tấm Lòng Son - Duzme Remix.m4a: failed to read tags: invalid file"
time=2026-04-26T01:26:42.454+07:00 level=ERROR msg="Failed to import file" module=library path="/home/oem/Desktop/Music/._Jack - Hong Nhan (KICM - Remix).m4a" error="failed to extract metadata from /home/oem/Desktop/Music/._Jack - Hong Nhan (KICM - Remix).m4a: failed to read tags: invalid file"
time=2026-04-26T01:26:42.459+07:00 level=ERROR msg="Failed to import file" module=library path="/home/oem/Desktop/Music/._Kim Minseok - Love Language.m4a" error="failed to extract metadata from /home/oem/Desktop/Music/._Kim Minseok - Love Language.m4a: failed to read tags: invalid file"
time=2026-04-26T01:26:42.460+07:00 level=ERROR msg="Failed to import file" module=library path="/home/oem/Desktop/Music/._Low G - Simp Gái 808.m4a" error="failed to extract metadata from /home/oem/Desktop/Music/._Low G - Simp Gái 808.m4a: failed to read tags: invalid file"
time=2026-04-26T01:26:42.463+07:00 level=ERROR msg="Failed to import file" module=library path="/home/oem/Desktop/Music/._Low G, Justatee - In Love.m4a" error="failed to extract metadata from /home/oem/Desktop/Music/._Low G, Justatee - In Love.m4a: failed to read tags: invalid file"
time=2026-04-26T01:26:42.465+07:00 level=ERROR msg="Failed to import file" module=library path="/home/oem/Desktop/Music/._Masew - BẠC PHẬN.m4a" error="failed to extract metadata from /home/oem/Desktop/Music/._Masew - BẠC PHẬN.m4a: failed to read tags: invalid file"
time=2026-04-26T01:26:42.468+07:00 level=ERROR msg="Failed to import file" module=library path="/home/oem/Desktop/Music/._ROSÉ - APT..m4a" error="failed to extract metadata from /home/oem/Desktop/Music/._ROSÉ - APT..m4a: failed to read tags: invalid file"
time=2026-04-26T01:26:42.469+07:00 level=ERROR msg="Failed to import file" module=library path="/home/oem/Desktop/Music/._VƯƠNG BÌNH - Thanh Tân.m4a" error="failed to extract metadata from /home/oem/Desktop/Music/._VƯƠNG BÌNH - Thanh Tân.m4a: failed to read tags: invalid file"
time=2026-04-26T01:26:42.470+07:00 level=ERROR msg="Failed to import file" module=library path=/home/oem/Desktop/Music/._周深_小美滿_電影《熱辣滾燙》熱辣陪伴曲.m4a error="failed to extract metadata from /home/oem/Desktop/Music/._周深_小美滿_電影《熱辣滾燙》熱辣陪伴曲.m4a: failed to read tags: invalid file"
time=2026-04-26T01:26:42.472+07:00 level=ERROR msg="Failed to import file" module=library path="/home/oem/Desktop/Music/._小魂 - 关山酒.m4a" error="failed to extract metadata from /home/oem/Desktop/Music/._小魂 - 关山酒.m4a: failed to read tags: invalid file"
time=2026-04-26T01:26:42.473+07:00 level=ERROR msg="Failed to import file" module=library path="/home/oem/Desktop/Music/._尹昔眠 - 你会在.m4a" error="failed to extract metadata from /home/oem/Desktop/Music/._尹昔眠 - 你会在.m4a: failed to read tags: invalid file"
time=2026-04-26T01:26:42.475+07:00 level=ERROR msg="Failed to import file" module=library path="/home/oem/Desktop/Music/._尹昔眠 - 特殊名字.m4a" error="failed to extract metadata from /home/oem/Desktop/Music/._尹昔眠 - 特殊名字.m4a: failed to read tags: invalid file"
time=2026-04-26T01:26:42.477+07:00 level=ERROR msg="Failed to import file" module=library path="/home/oem/Desktop/Music/._张紫豪 - 可不可以 (抖音热歌).m4a" error="failed to extract metadata from /home/oem/Desktop/Music/._张紫豪 - 可不可以 (抖音热歌).m4a: failed to read tags: invalid file"
time=2026-04-26T01:26:42.478+07:00 level=ERROR msg="Failed to import file" module=library path="/home/oem/Desktop/Music/._徐俊雅 - 爱你 (美好爱情).m4a" error="failed to extract metadata from /home/oem/Desktop/Music/._徐俊雅 - 爱你 (美好爱情).m4a: failed to read tags: invalid file"
time=2026-04-26T01:26:42.484+07:00 level=DEBUG msg="No artwork found in file" module=library path="/home/oem/Desktop/Music/._旺仔小乔 - 爱你 (女版).mp3"
time=2026-04-26T01:26:42.507+07:00 level=ERROR msg="Failed to import file" module=library path=/home/oem/Desktop/Music/._王宇宙Leto_若月亮没来（若是月亮还没来）.m4a error="failed to extract metadata from /home/oem/Desktop/Music/._王宇宙Leto_若月亮没来（若是月亮还没来）.m4a: failed to read tags: invalid file"
time=2026-04-26T01:26:42.508+07:00 level=ERROR msg="Failed to import file" module=library path="/home/oem/Desktop/Music/._等什么君 - 辞九门回忆.m4a" error="failed to extract metadata from /home/oem/Desktop/Music/._等什么君 - 辞九门回忆.m4a: failed to read tags: invalid file"
time=2026-04-26T01:26:42.509+07:00 level=ERROR msg="Failed to import file" module=library path=/home/oem/Desktop/Music/._邓寓君（等什么君）,_鄧寓君等什麼君_鸳鸯戏.m4a error="failed to extract metadata from /home/oem/Desktop/Music/._邓寓君（等什么君）,_鄧寓君等什麼君_鸳鸯戏.m4a: failed to read tags: invalid file"
time=2026-04-26T01:26:42.511+07:00 level=ERROR msg="Failed to import file" module=library path="/home/oem/Desktop/Music/._郑聆歌9K - 翻篇.m4a" error="failed to extract metadata from /home/oem/Desktop/Music/._郑聆歌9K - 翻篇.m4a: failed to read tags: invalid file"
time=2026-04-26T01:26:42.515+07:00 level=DEBUG msg="No artwork found in file" module=library path="/home/oem/Desktop/Music/._陈小满 - 何必.mp3"
time=2026-04-26T01:26:42.539+07:00 level=ERROR msg="Failed to import file" module=library path="/home/oem/Desktop/Music/._陈小满 - 十八遇你八十与你.m4a" error="failed to extract metadata from /home/oem/Desktop/Music/._陈小满 - 十八遇你八十与你.m4a: failed to read tags: invalid file"
time=2026-04-26T01:26:42.540+07:00 level=ERROR msg="Failed to import file" module=library path="/home/oem/Desktop/Music/._陈小满 - 句末.m4a" error="failed to extract metadata from /home/oem/Desktop/Music/._陈小满 - 句末.m4a: failed to read tags: invalid file"
time=2026-04-26T01:26:42.544+07:00 level=ERROR msg="Failed to import file" module=library path="/home/oem/Desktop/Music/._陈小满 - 只字不提爱.m4a" error="failed to extract metadata from /home/oem/Desktop/Music/._陈小满 - 只字不提爱.m4a: failed to read tags: invalid file"
time=2026-04-26T01:26:42.546+07:00 level=ERROR msg="Failed to import file" module=library path="/home/oem/Desktop/Music/._陈小满 - 星辰倒映.m4a" error="failed to extract metadata from /home/oem/Desktop/Music/._陈小满 - 星辰倒映.m4a: failed to read tags: invalid file"
time=2026-04-26T01:26:42.547+07:00 level=ERROR msg="Failed to import file" module=library path="/home/oem/Desktop/Music/._陈小满 - 曼陀罗华.m4a" error="failed to extract metadata from /home/oem/Desktop/Music/._陈小满 - 曼陀罗华.m4a: failed to read tags: invalid file"
time=2026-04-26T01:26:42.548+07:00 level=ERROR msg="Failed to import file" module=library path="/home/oem/Desktop/Music/._陈小满 - 有你的冬天 (我期待的不是雪).m4a" error="failed to extract metadata from /home/oem/Desktop/Music/._陈小满 - 有你的冬天 (我期待的不是雪).m4a: failed to read tags: invalid file"
time=2026-04-26T01:26:42.549+07:00 level=ERROR msg="Failed to import file" module=library path="/home/oem/Desktop/Music/._가호 (Gaho) - 시작.m4a" error="failed to extract metadata from /home/oem/Desktop/Music/._가호 (Gaho) - 시작.m4a: failed to read tags: invalid file"
time=2026-04-26T01:26:42.565+07:00 level=DEBUG msg="Artwork extracted" module=library path="/home/oem/Desktop/Music/24kGoldn - Mood (feat. iann dior).m4a" size=136287 mime=image/
time=2026-04-26T01:26:42.567+07:00 level=DEBUG msg="Artwork saved" module=library path="/home/oem/Desktop/Music/24kGoldn - Mood (feat. iann dior).m4a" key=721c60afcdf793a2eecdc9c7009d07b361101ce06d573881d4e8746be383ad55.jpg
time=2026-04-26T01:26:42.692+07:00 level=DEBUG msg="Artwork extracted" module=library path="/home/oem/Desktop/Music/BOL4 - Some.m4a" size=74299 mime=image/
time=2026-04-26T01:26:42.692+07:00 level=DEBUG msg="Artwork saved" module=library path="/home/oem/Desktop/Music/BOL4 - Some.m4a" key=71d02c11732668daf42ad0b3bce9f768e7490397127c3bd00f5ad928a0520f11.jpg
time=2026-04-26T01:26:42.800+07:00 level=DEBUG msg="Artwork extracted" module=library path="/home/oem/Desktop/Music/BOL4 - 좋다고 말해.m4a" size=203813 mime=image/jpeg
time=2026-04-26T01:26:42.801+07:00 level=DEBUG msg="Artwork saved" module=library path="/home/oem/Desktop/Music/BOL4 - 좋다고 말해.m4a" key=a150705a306d8569638a719532d646666ce67a529bf05b2e7b09b4369430a376.jpg
time=2026-04-26T01:26:42.878+07:00 level=DEBUG msg="Artwork extracted" module=library path="/home/oem/Desktop/Music/Bao Anh - Sống Xa Anh Chẳng Dễ Dàng.m4a" size=203724 mime=image/jpeg
time=2026-04-26T01:26:42.879+07:00 level=DEBUG msg="Artwork saved" module=library path="/home/oem/Desktop/Music/Bao Anh - Sống Xa Anh Chẳng Dễ Dàng.m4a" key=97bebfb7933735063dba2908b5e9c8263f39ad8041efecf06d974372d9459e56.jpg
time=2026-04-26T01:26:42.968+07:00 level=DEBUG msg="Artwork extracted" module=library path=/home/oem/Desktop/Music/Bùi_Công_Nam,_Binz_I_LOVE_YOU_Always,_In_Every_Way.m4a size=296625 mime=image/jpeg
time=2026-04-26T01:26:42.969+07:00 level=DEBUG msg="Artwork saved" module=library path=/home/oem/Desktop/Music/Bùi_Công_Nam,_Binz_I_LOVE_YOU_Always,_In_Every_Way.m4a key=5215891a05c098acc5d419be1a0b583db965fce6aafa27ae581ca024f6920fda.jpg
time=2026-04-26T01:26:43.059+07:00 level=DEBUG msg="Artwork extracted" module=library path=/home/oem/Desktop/Music/Eric_Chou_How_Have_You_Been_Ending_Theme_Song_of_TVBS_Series.m4a size=89312 mime=image/
time=2026-04-26T01:26:43.059+07:00 level=DEBUG msg="Artwork saved" module=library path=/home/oem/Desktop/Music/Eric_Chou_How_Have_You_Been_Ending_Theme_Song_of_TVBS_Series.m4a key=f83c2d6f7d3b47e1a7035a742f145e81511d11282e4d5981b7f7af480c62c2a3.jpg
time=2026-04-26T01:26:43.158+07:00 level=DEBUG msg="Artwork extracted" module=library path="/home/oem/Desktop/Music/H-Kray - Tấm Lòng Son - Duzme Remix.m4a" size=225330 mime=image/jpeg
time=2026-04-26T01:26:43.159+07:00 level=DEBUG msg="Artwork saved" module=library path="/home/oem/Desktop/Music/H-Kray - Tấm Lòng Son - Duzme Remix.m4a" key=3983a62dc1e18885acb64469a57da857749fe3aac1501a59a6a34f5258be47fd.jpg
time=2026-04-26T01:26:43.253+07:00 level=DEBUG msg="Artwork extracted" module=library path="/home/oem/Desktop/Music/Jack - Hong Nhan (KICM - Remix).m4a" size=114072 mime=image/jpeg
time=2026-04-26T01:26:43.254+07:00 level=DEBUG msg="Artwork saved" module=library path="/home/oem/Desktop/Music/Jack - Hong Nhan (KICM - Remix).m4a" key=9366d78f66997fe8ae486d04aa6aae345a67b1b1dc42f304b149a2c6f58db310.jpg
time=2026-04-26T01:26:43.352+07:00 level=DEBUG msg="Artwork extracted" module=library path="/home/oem/Desktop/Music/Kim Minseok - Love Language.m4a" size=409106 mime=image/jpeg
time=2026-04-26T01:26:43.355+07:00 level=DEBUG msg="Artwork saved" module=library path="/home/oem/Desktop/Music/Kim Minseok - Love Language.m4a" key=68f62ffa63fb5873f0c9bff0bf3553bc66033d706335b394f8c60940d08eb962.jpg
time=2026-04-26T01:26:43.432+07:00 level=DEBUG msg="Artwork extracted" module=library path="/home/oem/Desktop/Music/Low G - Simp Gái 808.m4a" size=169790 mime=image/jpeg
time=2026-04-26T01:26:43.433+07:00 level=DEBUG msg="Artwork saved" module=library path="/home/oem/Desktop/Music/Low G - Simp Gái 808.m4a" key=8f8f68a518642e15c72b3fc5d4aa298d376a661954b00d44e55e04d069de2e7c.jpg
time=2026-04-26T01:26:43.531+07:00 level=DEBUG msg="Artwork extracted" module=library path="/home/oem/Desktop/Music/Low G, Justatee - In Love.m4a" size=394403 mime=image/jpeg
time=2026-04-26T01:26:43.533+07:00 level=DEBUG msg="Artwork saved" module=library path="/home/oem/Desktop/Music/Low G, Justatee - In Love.m4a" key=bca8423dd921d01823fdf1a46c8aae58dff1f094894fb180f16308c32e222e27.jpg
time=2026-04-26T01:26:43.630+07:00 level=DEBUG msg="Artwork extracted" module=library path="/home/oem/Desktop/Music/Masew - BẠC PHẬN.m4a" size=122004 mime=image/jpeg
time=2026-04-26T01:26:43.631+07:00 level=DEBUG msg="Artwork saved" module=library path="/home/oem/Desktop/Music/Masew - BẠC PHẬN.m4a" key=5dbc3517e90fa50f8ae5333e4fed85cdd73c5ff2ad3d2767a307c0ca3b54ab5f.jpg
time=2026-04-26T01:26:43.726+07:00 level=DEBUG msg="Artwork extracted" module=library path="/home/oem/Desktop/Music/ROSÉ - APT..m4a" size=325441 mime=image/jpeg
time=2026-04-26T01:26:43.728+07:00 level=DEBUG msg="Artwork saved" module=library path="/home/oem/Desktop/Music/ROSÉ - APT..m4a" key=c17549befc5fd24c5c55d43c562c103f1d8958740ffc6373bfa22cf7e7b56303.jpg
time=2026-04-26T01:26:43.807+07:00 level=DEBUG msg="Artwork extracted" module=library path="/home/oem/Desktop/Music/VƯƠNG BÌNH - Thanh Tân.m4a" size=440181 mime=image/jpeg
time=2026-04-26T01:26:43.810+07:00 level=DEBUG msg="Artwork saved" module=library path="/home/oem/Desktop/Music/VƯƠNG BÌNH - Thanh Tân.m4a" key=5b790f67b4380ccb6af1dd57a08b30f71491af9b1fabf7f501754d9b38303555.jpg
time=2026-04-26T01:26:43.908+07:00 level=DEBUG msg="Artwork extracted" module=library path=/home/oem/Desktop/Music/周深_小美滿_電影《熱辣滾燙》熱辣陪伴曲.m4a size=157561 mime=image/
time=2026-04-26T01:26:43.908+07:00 level=DEBUG msg="Artwork saved" module=library path=/home/oem/Desktop/Music/周深_小美滿_電影《熱辣滾燙》熱辣陪伴曲.m4a key=e2afa65dfc821bf474a17e5407d7a94c0ab284d2f5ab1be92625ca0e29544d39.jpg
time=2026-04-26T01:26:44.001+07:00 level=DEBUG msg="Artwork extracted" module=library path="/home/oem/Desktop/Music/小魂 - 关山酒.m4a" size=307114 mime=image/jpeg
time=2026-04-26T01:26:44.002+07:00 level=DEBUG msg="Artwork saved" module=library path="/home/oem/Desktop/Music/小魂 - 关山酒.m4a" key=c05b83d465fe96f86306d4f68309567f0f9642c9f05e0443ec78852245667eb0.jpg
time=2026-04-26T01:26:44.093+07:00 level=DEBUG msg="Artwork extracted" module=library path="/home/oem/Desktop/Music/尹昔眠 - 你会在.m4a" size=291950 mime=image/jpeg
time=2026-04-26T01:26:44.094+07:00 level=DEBUG msg="Artwork saved" module=library path="/home/oem/Desktop/Music/尹昔眠 - 你会在.m4a" key=84c43924cca50de8c38b0e4e81404aa2bae699e306a235bc66bd822822815917.jpg
time=2026-04-26T01:26:44.176+07:00 level=DEBUG msg="Artwork extracted" module=library path="/home/oem/Desktop/Music/尹昔眠 - 特殊名字.m4a" size=94812 mime=image/jpeg
time=2026-04-26T01:26:44.176+07:00 level=DEBUG msg="Artwork saved" module=library path="/home/oem/Desktop/Music/尹昔眠 - 特殊名字.m4a" key=290c2c4e9bcfcbaa86fc1ad90ee41af5640ae685ed00b2c2c9aef6836d23b503.jpg
time=2026-04-26T01:26:44.255+07:00 level=DEBUG msg="Artwork extracted" module=library path="/home/oem/Desktop/Music/张紫豪 - 可不可以 (抖音热歌).m4a" size=86058 mime=image/
time=2026-04-26T01:26:44.257+07:00 level=DEBUG msg="Artwork saved" module=library path="/home/oem/Desktop/Music/张紫豪 - 可不可以 (抖音热歌).m4a" key=74e8806b418fd4861b0b147813eeda742056b9bbbe4c1f1799efcfb30bb2618c.jpg
time=2026-04-26T01:26:44.343+07:00 level=DEBUG msg="Artwork extracted" module=library path="/home/oem/Desktop/Music/徐俊雅 - 爱你 (美好爱情).m4a" size=334236 mime=image/jpeg
time=2026-04-26T01:26:44.345+07:00 level=DEBUG msg="Artwork saved" module=library path="/home/oem/Desktop/Music/徐俊雅 - 爱你 (美好爱情).m4a" key=a93942e66986febd7185ee182f1e7f0ff667cdc7430d5dd2ed850f08f3458b43.jpg
time=2026-04-26T01:26:44.427+07:00 level=DEBUG msg="Artwork extracted" module=library path="/home/oem/Desktop/Music/旺仔小乔 - 爱你 (女版).mp3" size=184457 mime=image/jpeg
time=2026-04-26T01:26:44.428+07:00 level=DEBUG msg="Artwork saved" module=library path="/home/oem/Desktop/Music/旺仔小乔 - 爱你 (女版).mp3" key=79c81407fb042f664b143595da9c8f36b7a2af683bbedd8c70935b878e947706.jpg
time=2026-04-26T01:26:44.508+07:00 level=DEBUG msg="Artwork extracted" module=library path=/home/oem/Desktop/Music/王宇宙Leto_若月亮没来（若是月亮还没来）.m4a size=168476 mime=image/
time=2026-04-26T01:26:44.509+07:00 level=DEBUG msg="Artwork saved" module=library path=/home/oem/Desktop/Music/王宇宙Leto_若月亮没来（若是月亮还没来）.m4a key=c4071fc55e9d592b844ca85aca454942c053fd22241d9725cad631e8d482e8e5.jpg
time=2026-04-26T01:26:44.606+07:00 level=DEBUG msg="Artwork extracted" module=library path="/home/oem/Desktop/Music/等什么君 - 辞九门回忆.m4a" size=158304 mime=image/jpeg
time=2026-04-26T01:26:44.606+07:00 level=DEBUG msg="Artwork saved" module=library path="/home/oem/Desktop/Music/等什么君 - 辞九门回忆.m4a" key=392403ba48e3ad7eaf4f4a11e6ee62a8625d85b4c1e72489d1b6013115035fc3.jpg
time=2026-04-26T01:26:44.690+07:00 level=DEBUG msg="Artwork extracted" module=library path=/home/oem/Desktop/Music/邓寓君（等什么君）,_鄧寓君等什麼君_鸳鸯戏.m4a size=188951 mime=image/jpeg
time=2026-04-26T01:26:44.691+07:00 level=DEBUG msg="Artwork saved" module=library path=/home/oem/Desktop/Music/邓寓君（等什么君）,_鄧寓君等什麼君_鸳鸯戏.m4a key=798cb2de9aba60c969b126d0873f95b0e64ca7741f3daf9b459f92fcf50bae08.jpg
time=2026-04-26T01:26:44.778+07:00 level=DEBUG msg="Artwork extracted" module=library path="/home/oem/Desktop/Music/郑聆歌9K - 翻篇.m4a" size=316445 mime=image/jpeg
time=2026-04-26T01:26:44.780+07:00 level=DEBUG msg="Artwork saved" module=library path="/home/oem/Desktop/Music/郑聆歌9K - 翻篇.m4a" key=e100b7718447f6aed5daa8be7e85c688ad437d05b58f4ae5f4691df91878420f.jpg
time=2026-04-26T01:26:44.862+07:00 level=DEBUG msg="Artwork extracted" module=library path="/home/oem/Desktop/Music/陈小满 - 何必.mp3" size=54118 mime=image/jpeg
time=2026-04-26T01:26:44.863+07:00 level=DEBUG msg="Artwork saved" module=library path="/home/oem/Desktop/Music/陈小满 - 何必.mp3" key=dfd3ca287992aa0b02cc7eea46f26f94d66ab8af57ca9a7135c14b4cae347f16.jpg
time=2026-04-26T01:26:44.939+07:00 level=DEBUG msg="Artwork extracted" module=library path="/home/oem/Desktop/Music/陈小满 - 十八遇你八十与你.m4a" size=151679 mime=image/jpeg
time=2026-04-26T01:26:44.940+07:00 level=DEBUG msg="Artwork saved" module=library path="/home/oem/Desktop/Music/陈小满 - 十八遇你八十与你.m4a" key=1ffbd9324ca05f3edfd051989a4e246664b09ecb76a555d404c7406491c36b95.jpg
time=2026-04-26T01:26:45.029+07:00 level=DEBUG msg="Artwork extracted" module=library path="/home/oem/Desktop/Music/陈小满 - 句末.m4a" size=344197 mime=image/jpeg
time=2026-04-26T01:26:45.030+07:00 level=DEBUG msg="Artwork saved" module=library path="/home/oem/Desktop/Music/陈小满 - 句末.m4a" key=1210f9d5083fcbda47bc9f96fa5c87c91f89bd069e1a69e96ba19f5fafd6e2bc.jpg
time=2026-04-26T01:26:45.114+07:00 level=DEBUG msg="Artwork extracted" module=library path="/home/oem/Desktop/Music/陈小满 - 只字不提爱.m4a" size=140359 mime=image/jpeg
time=2026-04-26T01:26:45.115+07:00 level=DEBUG msg="Artwork saved" module=library path="/home/oem/Desktop/Music/陈小满 - 只字不提爱.m4a" key=82f416aad336608af7bf1eaa0be2d189f726c85ebb2bb645be4316eb544e3beb.jpg
time=2026-04-26T01:26:45.198+07:00 level=DEBUG msg="Artwork extracted" module=library path="/home/oem/Desktop/Music/陈小满 - 星辰倒映.m4a" size=215408 mime=image/jpeg
time=2026-04-26T01:26:45.203+07:00 level=DEBUG msg="Artwork saved" module=library path="/home/oem/Desktop/Music/陈小满 - 星辰倒映.m4a" key=32a1b29867c2ff8243598b9e8d97c86de14a88f693a6a061298ef7bcfeb33834.jpg
time=2026-04-26T01:26:45.310+07:00 level=DEBUG msg="Artwork extracted" module=library path="/home/oem/Desktop/Music/陈小满 - 曼陀罗华.m4a" size=444034 mime=image/jpeg
time=2026-04-26T01:26:45.312+07:00 level=DEBUG msg="Artwork saved" module=library path="/home/oem/Desktop/Music/陈小满 - 曼陀罗华.m4a" key=6a9259fb86df4b874266886f2115bd737be91a733b84f42a56e28440bc508c70.jpg
time=2026-04-26T01:26:45.393+07:00 level=DEBUG msg="Artwork extracted" module=library path="/home/oem/Desktop/Music/陈小满 - 有你的冬天 (我期待的不是雪).m4a" size=215600 mime=image/jpeg
time=2026-04-26T01:26:45.394+07:00 level=DEBUG msg="Artwork saved" module=library path="/home/oem/Desktop/Music/陈小满 - 有你的冬天 (我期待的不是雪).m4a" key=bdf26a36dfec1efc201c9e9ab747c4197395f9a8f9551ebb2e27904147b34822.jpg
time=2026-04-26T01:26:45.480+07:00 level=DEBUG msg="Artwork extracted" module=library path="/home/oem/Desktop/Music/가호 (Gaho) - 시작.m4a" size=337198 mime=image/
time=2026-04-26T01:26:45.481+07:00 level=DEBUG msg="Artwork saved" module=library path="/home/oem/Desktop/Music/가호 (Gaho) - 시작.m4a" key=dcc94c82039720c2f25247bd61334b2d82bcf9eb71582dcfa75bb22aac606e49.jpg
time=2026-04-26T01:26:45.555+07:00 level=INFO msg="Finished folder sync" module=library root=/home/oem/Desktop/Music
